Job Time Limit: 30:00:00
==============================================
SLURM Job ID: 66491961
Node: r813u29n03
Start Time: Wed Feb  4 14:15:58 EST 2026
Working Directory: /vast/palmer/home.mccleary/as4272/ESM3-Guided-Generation-Based-Protein-Engineering/src/esm_boltz_guidedgeneration
GPU Log: /vast/palmer/home.mccleary/as4272/ESM3-Guided-Generation-Based-Protein-Engineering/logs/gpu_usage/gpu_usage_66491961_20260204_141558.csv
==============================================
Job Parameters:
  PDB ID: 1DB1
  Chain ID: A
  SMILES: C[C@H](CCCC(C)(C)O)[C@H]1CC[C@H]2C(/CCC[C@]12C)=C/C=C3/C[C@@H](O)C[C@H](O)C3=C
  Masking %: 0.3
  Decoding Steps: 64
  Samples per Step: 15
==============================================
GPU Information:
NVIDIA A100-SXM4-80GB, 81920 MiB, 570.195.03
==============================================
Started GPU monitoring (PID: 1424721)

Starting Guided Generation...

[INFO] Loading wildtype from PDB: 1DB1, Chain: A
[INFO] Wildtype sequence length: 259
[INFO] Masked 77 positions (30.0%)
[INFO] Masked sequence: _SLR__LSE_QQR_IAIL_D__HKTYDP__SD_CQ_RPP__V_DGG_SVTL_L_QLSMLP__A_LVSY___KVIG_AKMI...
[INFO] Log file: /vast/palmer/home.mccleary/as4272/ESM3-Guided-Generation-Based-Protein-Engineering/logs/boltz/1DB1_A_mask30_steps64_20260204_141602.txt
======================================================================
ESM3-Boltz Guided Generation Log
Run Timestamp: 20260204_141602
======================================================================

--- RUN PARAMETERS ---
Target Ligand SMILES: C[C@H](CCCC(C)(C)O)[C@H]1CC[C@H]2C(/CCC[C@]12C)=C/C=C3/C[C@@H](O)C[C@H](O)C3=C
Starting from: PDB 1DB1, Chain A
Masking Percentage: 30.0%
Decoding Steps: 64
Samples per Step: 15
Boltz will use GPU for sequential scoring

--- SEQUENCE SETUP ---
Starting Masked Sequence:
_SLR__LSE_QQR_IAIL_D__HKTYDP__SD_CQ_RPP__V_DGG_SVTL_L_QLSMLP__A_LVSY___KVIG_AKMI_GFRDLTSEDQIVLL_SSAI__IMLRS_ESFT__D_SWT_GN_DYK_R_SDVTKAGHSLE_I_PL__FQ__L_K_NL__EE_V_L_AICI_SPDRP_VQDA_____IQDRL___LQTYIRC___PPGS_LLY_KMIQKLADLR_L_E_HSK_YRCLSFQ__CS_KLT__VLEVFG__I_
======================================================================


Loading ESM3 model to cuda...
Available GPUs: 1
esm_token: 6Zk4FIijMlhj5iMQqWUU2q

Initializing Boltz scorer...
Cache directory: /vast/palmer/home.mccleary/as4272/ESM3-Guided-Generation-Based-Protein-Engineering/src/esm_boltz_guidedgeneration/boltz_cache
Boltz will use GPU for scoring each candidate sequentially

======================================================================
Starting ESM3-Boltz Guided Generation
======================================================================


[START] Initial input ESMProtein:
  sequence = _SLR__LSE_QQR_IAIL_D__HKTYDP__SD_CQ_RPP__V_DGG_SVTL_L_QLSMLP__A_LVSY___KVIG_AKMI_GFRDLTSEDQIVLL_SSAI...

