Job Time Limit: 20:00:00
==============================================
SLURM Job ID: 66275464
Node: r813u29n03
Start Time: Tue Feb  3 13:24:59 EST 2026
Working Directory: /vast/palmer/home.mccleary/as4272/ESM3-Guided-Generation-Based-Protein-Engineering/src/esm_boltz_guidedgeneration
GPU Log: /vast/palmer/home.mccleary/as4272/ESM3-Guided-Generation-Based-Protein-Engineering/logs/gpu_usage/gpu_usage_66275464_20260203_132459.csv
==============================================
Job Parameters:
  PDB ID: 1DB1
  Chain ID: A
  SMILES: C[C@H](CCCC(C)(C)O)[C@H]1CC[C@H]2C(/CCC[C@]12C)=C/C=C3/C[C@@H](O)C[C@H](O)C3=C
  Masking %: 0.3
  Decoding Steps: 64
  Samples per Step: 15
==============================================
GPU Information:
NVIDIA A100-SXM4-80GB, 81920 MiB, 570.195.03
==============================================
Started GPU monitoring (PID: 928280)

Starting Guided Generation...

[INFO] Loading wildtype from PDB: 1DB1, Chain: A
[INFO] Wildtype sequence length: 259
[INFO] Masked 77 positions (30.0%)
[INFO] Masked sequence: DS__PK_SEEQ__IIAILL_AHH_T_DPTYSDF_QFR_P_R_NDGGGSVT_E___LS_LPH_A_LVSY___K_IG_AKM_...
[INFO] Log file: /vast/palmer/home.mccleary/as4272/ESM3-Guided-Generation-Based-Protein-Engineering/logs/boltz/1DB1_A_mask30_steps64_20260203_132551.txt
======================================================================
ESM3-Boltz Guided Generation Log
Run Timestamp: 20260203_132551
======================================================================

--- RUN PARAMETERS ---
Target Ligand SMILES: C[C@H](CCCC(C)(C)O)[C@H]1CC[C@H]2C(/CCC[C@]12C)=C/C=C3/C[C@@H](O)C[C@H](O)C3=C
Starting from: PDB 1DB1, Chain A
Masking Percentage: 30.0%
Decoding Steps: 64
Samples per Step: 15
Boltz will use GPU for sequential scoring

--- SEQUENCE SETUP ---
Starting Masked Sequence:
DS__PK_SEEQ__IIAILL_AHH_T_DPTYSDF_QFR_P_R_NDGGGSVT_E___LS_LPH_A_LVSY___K_IG_AKM_PGF_D_T_EDQIVLL__SAIEVI_LR___SF__DD_S_T__N_DYKYRVSDVT_AGH_LELI_PL__FQV_LKKLNL_EEEHVLLMAI_IVSPD_PG__DA_LIEA_QDRL_NTLQTY__C_H__PGSHL_YAKM__K___LRS__EEH_KQYRC_____ECSMKLTP__LEVF_NEIS
======================================================================


Loading ESM3 model to cuda...
Available GPUs: 1
esm_token: 6Zk4FIijMlhj5iMQqWUU2q

Initializing Boltz scorer...
Cache directory: /vast/palmer/home.mccleary/as4272/ESM3-Guided-Generation-Based-Protein-Engineering/src/esm_boltz_guidedgeneration/boltz_cache
Boltz will use GPU for scoring each candidate sequentially

======================================================================
Starting ESM3-Boltz Guided Generation
======================================================================


[START] Initial input ESMProtein:
  sequence = DS__PK_SEEQ__IIAILL_AHH_T_DPTYSDF_QFR_P_R_NDGGGSVT_E___LS_LPH_A_LVSY___K_IG_AKM_PGF_D_T_EDQIVLL__SAI...

